<?xml version="1.0" encoding="UTF-8"?>
<testsuites name="jest tests" tests="25" failures="0" errors="0" time="13.042">
  <testsuite name="POC Test" errors="0" failures="0" skipped="4" timestamp="2023-12-14T04:07:31" time="4.169" tests="6">
    <testcase classname="POC Test GET request GET /posts" name="POC Test GET request GET /posts" time="0">
      <skipped/>
    </testcase>
    <testcase classname="POC Test GET request GET /comments with query params" name="POC Test GET request GET /comments with query params" time="0">
      <skipped/>
    </testcase>
    <testcase classname="POC Test POST /posts POST /posts" name="POC Test POST /posts POST /posts" time="0">
      <skipped/>
    </testcase>
    <testcase classname="POC Test PUT /post PUT /posts" name="POC Test PUT /post PUT /posts" time="0">
      <skipped/>
    </testcase>
    <testcase classname="POC Test PATCH /post PATCH /post" name="POC Test PATCH /post PATCH /post" time="0.916">
    </testcase>
    <testcase classname="POC Test DELETE /post DELETE /post" name="POC Test DELETE /post DELETE /post" time="0.284">
    </testcase>
  </testsuite>
  <testsuite name="Upload File" errors="0" failures="0" skipped="0" timestamp="2023-12-14T04:07:31" time="5.409" tests="2">
    <testcase classname="Upload File POST /upload/single" name="Upload File POST /upload/single" time="0.816">
    </testcase>
    <testcase classname="Upload File POST /upload/multiple" name="Upload File POST /upload/multiple" time="1.805">
    </testcase>
  </testsuite>
  <testsuite name="Categories" errors="0" failures="0" skipped="0" timestamp="2023-12-14T04:07:31" time="8.231" tests="4">
    <testcase classname="Categories GET /categories" name="Categories GET /categories" time="0.774">
    </testcase>
    <testcase classname="Categories Create Categories POST /categories" name="Categories Create Categories POST /categories" time="0.54">
    </testcase>
    <testcase classname="Categories Update Categories PUT /categories" name="Categories Update Categories PUT /categories" time="0.531">
    </testcase>
    <testcase classname="Categories Delete Categories Delete /categories" name="Categories Delete Categories Delete /categories" time="0.537">
    </testcase>
  </testsuite>
  <testsuite name="BRANDS Test" errors="0" failures="0" skipped="0" timestamp="2023-12-14T04:07:31" time="12.534" tests="13">
    <testcase classname="BRANDS Test Fetch brands GET /brands" name="BRANDS Test Fetch brands GET /brands" time="0.892">
    </testcase>
    <testcase classname="BRANDS Test Create brands POST /brands" name="BRANDS Test Create brands POST /brands" time="0.002">
    </testcase>
    <testcase classname="BRANDS Test Create brands Schema Verification - Name is a mandatory field" name="BRANDS Test Create brands Schema Verification - Name is a mandatory field" time="0.405">
    </testcase>
    <testcase classname="BRANDS Test Create brands Schema Verification - Min char length for name &gt; 1" name="BRANDS Test Create brands Schema Verification - Min char length for name &gt; 1" time="0.373">
    </testcase>
    <testcase classname="BRANDS Test Create brands Business Logic - Duplicated brand entries not allowed" name="BRANDS Test Create brands Business Logic - Duplicated brand entries not allowed" time="0.481">
    </testcase>
    <testcase classname="BRANDS Test Fetch Individual Brand GET /brand/:id Business Logic - GET /brands/invalid_id should throw 404" name="BRANDS Test Fetch Individual Brand GET /brand/:id Business Logic - GET /brands/invalid_id should throw 404" time="0.472">
    </testcase>
    <testcase classname="BRANDS Test Fetch Individual Brand GET /brand/:id GET /brands:id" name="BRANDS Test Fetch Individual Brand GET /brand/:id GET /brands:id" time="0.444">
    </testcase>
    <testcase classname="BRANDS Test Update Brands PUT /brands:id" name="BRANDS Test Update Brands PUT /brands:id" time="0.536">
    </testcase>
    <testcase classname="BRANDS Test Update Brands Schema Verification - Brand name &gt; 30 chars is not accepted" name="BRANDS Test Update Brands Schema Verification - Brand name &gt; 30 chars is not accepted" time="0.396">
    </testcase>
    <testcase classname="BRANDS Test Update Brands Schema Verification - Brand description must be a string" name="BRANDS Test Update Brands Schema Verification - Brand description must be a string" time="0.356">
    </testcase>
    <testcase classname="BRANDS Test Update Brands Schema Verification - Throw error when update invalid brand" name="BRANDS Test Update Brands Schema Verification - Throw error when update invalid brand" time="0.469">
    </testcase>
    <testcase classname="BRANDS Test DELETE Brands DELETE /brands:id" name="BRANDS Test DELETE Brands DELETE /brands:id" time="0.539">
    </testcase>
    <testcase classname="BRANDS Test DELETE Brands Schema Verification - Throw error when delete invalid brand" name="BRANDS Test DELETE Brands Schema Verification - Throw error when delete invalid brand" time="0.483">
    </testcase>
  </testsuite>
</testsuites>